{
  "adaptive_history_path": "/Users/andreborchert/Library/Application Support/net.metaquotes.wine.metatrader5/drive_c/users/andreborchert/AppData/Roaming/MetaQuotes/Terminal/Common/Files/FXAI/Runtime/fxai_regime_router_history_EURUSD.ndjson",
  "adaptive_router": {
    "abstain_threshold": "0.340000",
    "block_threshold": "0.160000",
    "caution_threshold": "0.530000",
    "confidence_floor": "0.120000",
    "downweight_threshold": "0.780000",
    "enabled": "1",
    "fallback_to_student_router_only": "1",
    "family_liquidity_robustness_convolutional": "0.920000",
    "family_liquidity_robustness_distribution": "0.960000",
    "family_liquidity_robustness_linear": "0.900000",
    "family_liquidity_robustness_memory": "0.880000",
    "family_liquidity_robustness_mixture": "0.900000",
    "family_liquidity_robustness_other": "1.000000",
    "family_liquidity_robustness_recurrent": "0.880000",
    "family_liquidity_robustness_rule": "0.840000",
    "family_liquidity_robustness_state_space": "0.860000",
    "family_liquidity_robustness_transformer": "0.820000",
    "family_liquidity_robustness_tree": "0.940000",
    "family_liquidity_robustness_world": "0.900000",
    "family_news_compatibility_convolutional": "0.920000",
    "family_news_compatibility_distribution": "1.100000",
    "family_news_compatibility_linear": "0.780000",
    "family_news_compatibility_memory": "1.080000",
    "family_news_compatibility_mixture": "1.020000",
    "family_news_compatibility_other": "1.000000",
    "family_news_compatibility_recurrent": "1.040000",
    "family_news_compatibility_rule": "0.700000",
    "family_news_compatibility_state_space": "1.060000",
    "family_news_compatibility_transformer": "1.100000",
    "family_news_compatibility_tree": "0.860000",
    "family_news_compatibility_world": "1.080000",
    "family_regime_convolutional_BREAKOUT_TRANSITION": "1.026000",
    "family_regime_convolutional_HIGH_VOL_EVENT": "0.874000",
    "family_regime_convolutional_LIQUIDITY_STRESS": "0.950000",
    "family_regime_convolutional_RANGE_MEAN_REVERTING": "0.950000",
    "family_regime_convolutional_RISK_ON_OFF_MACRO": "0.950000",
    "family_regime_convolutional_SESSION_FLOW": "1.007000",
    "family_regime_convolutional_TREND_PERSISTENT": "0.950000",
    "family_regime_distribution_BREAKOUT_TRANSITION": "0.950000",
    "family_regime_distribution_HIGH_VOL_EVENT": "1.045000",
    "family_regime_distribution_LIQUIDITY_STRESS": "0.912000",
    "family_regime_distribution_RANGE_MEAN_REVERTING": "0.950000",
    "family_regime_distribution_RISK_ON_OFF_MACRO": "0.988000",
    "family_regime_distribution_SESSION_FLOW": "0.950000",
    "family_regime_distribution_TREND_PERSISTENT": "0.950000",
    "family_regime_linear_BREAKOUT_TRANSITION": "0.950000",
    "family_regime_linear_HIGH_VOL_EVENT": "0.779000",
    "family_regime_linear_LIQUIDITY_STRESS": "0.836000",
    "family_regime_linear_RANGE_MEAN_REVERTING": "1.064000",
    "family_regime_linear_RISK_ON_OFF_MACRO": "0.950000",
    "family_regime_linear_SESSION_FLOW": "1.007000",
    "family_regime_linear_TREND_PERSISTENT": "0.950000",
    "family_regime_memory_BREAKOUT_TRANSITION": "0.950000",
    "family_regime_memory_HIGH_VOL_EVENT": "1.026000",
    "family_regime_memory_LIQUIDITY_STRESS": "0.874000",
    "family_regime_memory_RANGE_MEAN_REVERTING": "0.950000",
    "family_regime_memory_RISK_ON_OFF_MACRO": "1.064000",
    "family_regime_memory_SESSION_FLOW": "0.950000",
    "family_regime_memory_TREND_PERSISTENT": "0.988000",
    "family_regime_mixture_BREAKOUT_TRANSITION": "0.988000",
    "family_regime_mixture_HIGH_VOL_EVENT": "0.988000",
    "family_regime_mixture_LIQUIDITY_STRESS": "0.950000",
    "family_regime_mixture_RANGE_MEAN_REVERTING": "1.007000",
    "family_regime_mixture_RISK_ON_OFF_MACRO": "0.950000",
    "family_regime_mixture_SESSION_FLOW": "0.950000",
    "family_regime_mixture_TREND_PERSISTENT": "1.007000",
    "family_regime_other_BREAKOUT_TRANSITION": "0.950000",
    "family_regime_other_HIGH_VOL_EVENT": "0.950000",
    "family_regime_other_LIQUIDITY_STRESS": "0.950000",
    "family_regime_other_RANGE_MEAN_REVERTING": "0.950000",
    "family_regime_other_RISK_ON_OFF_MACRO": "0.950000",
    "family_regime_other_SESSION_FLOW": "0.950000",
    "family_regime_other_TREND_PERSISTENT": "0.950000",
    "family_regime_recurrent_BREAKOUT_TRANSITION": "1.222980",
    "family_regime_recurrent_HIGH_VOL_EVENT": "1.134036",
    "family_regime_recurrent_LIQUIDITY_STRESS": "1.000620",
    "family_regime_recurrent_RANGE_MEAN_REVERTING": "1.111800",
    "family_regime_recurrent_RISK_ON_OFF_MACRO": "1.111800",
    "family_regime_recurrent_SESSION_FLOW": "1.111800",
    "family_regime_recurrent_TREND_PERSISTENT": "1.267452",
    "family_regime_rule_BREAKOUT_TRANSITION": "0.950000",
    "family_regime_rule_HIGH_VOL_EVENT": "0.722000",
    "family_regime_rule_LIQUIDITY_STRESS": "0.779000",
    "family_regime_rule_RANGE_MEAN_REVERTING": "1.045000",
    "family_regime_rule_RISK_ON_OFF_MACRO": "0.950000",
    "family_regime_rule_SESSION_FLOW": "1.064000",
    "family_regime_rule_TREND_PERSISTENT": "0.950000",
    "family_regime_state_space_BREAKOUT_TRANSITION": "1.026000",
    "family_regime_state_space_HIGH_VOL_EVENT": "0.950000",
    "family_regime_state_space_LIQUIDITY_STRESS": "0.836000",
    "family_regime_state_space_RANGE_MEAN_REVERTING": "0.950000",
    "family_regime_state_space_RISK_ON_OFF_MACRO": "0.950000",
    "family_regime_state_space_SESSION_FLOW": "0.950000",
    "family_regime_state_space_TREND_PERSISTENT": "1.102000",
    "family_regime_transformer_BREAKOUT_TRANSITION": "1.064000",
    "family_regime_transformer_HIGH_VOL_EVENT": "1.026000",
    "family_regime_transformer_LIQUIDITY_STRESS": "0.817000",
    "family_regime_transformer_RANGE_MEAN_REVERTING": "0.950000",
    "family_regime_transformer_RISK_ON_OFF_MACRO": "0.950000",
    "family_regime_transformer_SESSION_FLOW": "0.950000",
    "family_regime_transformer_TREND_PERSISTENT": "1.064000",
    "family_regime_tree_BREAKOUT_TRANSITION": "0.950000",
    "family_regime_tree_HIGH_VOL_EVENT": "0.836000",
    "family_regime_tree_LIQUIDITY_STRESS": "0.855000",
    "family_regime_tree_RANGE_MEAN_REVERTING": "1.007000",
    "family_regime_tree_RISK_ON_OFF_MACRO": "0.950000",
    "family_regime_tree_SESSION_FLOW": "0.950000",
    "family_regime_tree_TREND_PERSISTENT": "0.988000",
    "family_regime_world_BREAKOUT_TRANSITION": "1.007000",
    "family_regime_world_HIGH_VOL_EVENT": "1.026000",
    "family_regime_world_LIQUIDITY_STRESS": "0.950000",
    "family_regime_world_RANGE_MEAN_REVERTING": "0.950000",
    "family_regime_world_RISK_ON_OFF_MACRO": "1.083000",
    "family_regime_world_SESSION_FLOW": "0.950000",
    "family_regime_world_TREND_PERSISTENT": "0.950000",
    "family_session_convolutional_ASIA": "1.000000",
    "family_session_convolutional_LONDON": "1.000000",
    "family_session_convolutional_LONDON_NY_OVERLAP": "1.000000",
    "family_session_convolutional_NEWYORK": "1.000000",
    "family_session_convolutional_ROLLOVER": "1.000000",
    "family_session_distribution_ASIA": "1.000000",
    "family_session_distribution_LONDON": "1.000000",
    "family_session_distribution_LONDON_NY_OVERLAP": "1.000000",
    "family_session_distribution_NEWYORK": "1.000000",
    "family_session_distribution_ROLLOVER": "1.000000",
    "family_session_linear_ASIA": "1.000000",
    "family_session_linear_LONDON": "1.000000",
    "family_session_linear_LONDON_NY_OVERLAP": "1.000000",
    "family_session_linear_NEWYORK": "1.000000",
    "family_session_linear_ROLLOVER": "1.000000",
    "family_session_memory_ASIA": "1.000000",
    "family_session_memory_LONDON": "1.000000",
    "family_session_memory_LONDON_NY_OVERLAP": "1.000000",
    "family_session_memory_NEWYORK": "1.000000",
    "family_session_memory_ROLLOVER": "1.000000",
    "family_session_mixture_ASIA": "1.000000",
    "family_session_mixture_LONDON": "1.000000",
    "family_session_mixture_LONDON_NY_OVERLAP": "1.000000",
    "family_session_mixture_NEWYORK": "1.000000",
    "family_session_mixture_ROLLOVER": "1.000000",
    "family_session_other_ASIA": "1.000000",
    "family_session_other_LONDON": "1.000000",
    "family_session_other_LONDON_NY_OVERLAP": "1.000000",
    "family_session_other_NEWYORK": "1.000000",
    "family_session_other_ROLLOVER": "1.000000",
    "family_session_recurrent_ASIA": "1.000000",
    "family_session_recurrent_LONDON": "1.000000",
    "family_session_recurrent_LONDON_NY_OVERLAP": "1.000000",
    "family_session_recurrent_NEWYORK": "1.000000",
    "family_session_recurrent_ROLLOVER": "1.000000",
    "family_session_rule_ASIA": "1.000000",
    "family_session_rule_LONDON": "1.000000",
    "family_session_rule_LONDON_NY_OVERLAP": "1.000000",
    "family_session_rule_NEWYORK": "1.000000",
    "family_session_rule_ROLLOVER": "1.000000",
    "family_session_state_space_ASIA": "1.000000",
    "family_session_state_space_LONDON": "1.000000",
    "family_session_state_space_LONDON_NY_OVERLAP": "1.000000",
    "family_session_state_space_NEWYORK": "1.000000",
    "family_session_state_space_ROLLOVER": "1.000000",
    "family_session_transformer_ASIA": "1.000000",
    "family_session_transformer_LONDON": "1.000000",
    "family_session_transformer_LONDON_NY_OVERLAP": "1.000000",
    "family_session_transformer_NEWYORK": "1.000000",
    "family_session_transformer_ROLLOVER": "1.000000",
    "family_session_tree_ASIA": "1.000000",
    "family_session_tree_LONDON": "1.000000",
    "family_session_tree_LONDON_NY_OVERLAP": "1.000000",
    "family_session_tree_NEWYORK": "1.000000",
    "family_session_tree_ROLLOVER": "1.000000",
    "family_session_world_ASIA": "1.000000",
    "family_session_world_LONDON": "1.000000",
    "family_session_world_LONDON_NY_OVERLAP": "1.000000",
    "family_session_world_NEWYORK": "1.000000",
    "family_session_world_ROLLOVER": "1.000000",
    "governance_state_csv": "ai_mlp=CHAMPION",
    "max_active_weight_share": "0.720000",
    "max_plugin_weight": "1.800000",
    "min_plugin_weight": "0.050000",
    "pair_tags_csv": "dollar_core,europe_rates",
    "plugin_global_weights_csv": "ai_mlp=1.083852",
    "plugin_liquidity_robustness_csv": "ai_mlp=0.880000",
    "plugin_news_compatibility_csv": "ai_mlp=1.040000",
    "plugin_regime_BREAKOUT_TRANSITION_csv": "ai_mlp=1.222980",
    "plugin_regime_HIGH_VOL_EVENT_csv": "ai_mlp=1.347235",
    "plugin_regime_LIQUIDITY_STRESS_csv": "ai_mlp=1.000620",
    "plugin_regime_RANGE_MEAN_REVERTING_csv": "ai_mlp=1.111800",
    "plugin_regime_RISK_ON_OFF_MACRO_csv": "ai_mlp=1.225648",
    "plugin_regime_SESSION_FLOW_csv": "ai_mlp=1.134036",
    "plugin_regime_TREND_PERSISTENT_csv": "ai_mlp=1.305476",
    "plugin_session_ASIA_csv": "ai_mlp=1.000000",
    "plugin_session_LONDON_NY_OVERLAP_csv": "ai_mlp=1.000000",
    "plugin_session_LONDON_csv": "ai_mlp=1.000000",
    "plugin_session_NEWYORK_csv": "ai_mlp=1.000000",
    "plugin_session_ROLLOVER_csv": "ai_mlp=1.000000",
    "profile_name": "fixture",
    "regime_bias_BREAKOUT_TRANSITION": "1.000000",
    "regime_bias_HIGH_VOL_EVENT": "1.188000",
    "regime_bias_LIQUIDITY_STRESS": "1.000000",
    "regime_bias_RANGE_MEAN_REVERTING": "1.000000",
    "regime_bias_RISK_ON_OFF_MACRO": "1.102400",
    "regime_bias_SESSION_FLOW": "1.020000",
    "regime_bias_TREND_PERSISTENT": "1.030000",
    "router_mode": "WEIGHTED_ENSEMBLE",
    "schema_version": "1",
    "stale_news_abstain_bias": "0.240000",
    "stale_news_force_caution": "1",
    "suppression_threshold": "0.340000",
    "symbol": "EURUSD"
  },
  "adaptive_runtime": {},
  "attribution": {
    "champion_only": "0",
    "champion_plugins_csv": "ai_mlp",
    "family_weight_convolutional": "0.900000",
    "family_weight_distribution": "0.900000",
    "family_weight_linear": "0.900000",
    "family_weight_memory": "0.900000",
    "family_weight_mixture": "0.900000",
    "family_weight_other": "0.900000",
    "family_weight_recurrent": "1.372933",
    "family_weight_rule": "0.700000",
    "family_weight_state_space": "0.900000",
    "family_weight_transformer": "0.900000",
    "family_weight_tree": "0.900000",
    "family_weight_world": "0.900000",
    "feature_weight_context": "1.035500",
    "feature_weight_cost": "1.007467",
    "feature_weight_filters": "1.000000",
    "feature_weight_microstructure": "1.007467",
    "feature_weight_multi_timeframe": "1.080000",
    "feature_weight_price": "1.080000",
    "feature_weight_time_calendar": "1.019200",
    "feature_weight_volatility": "1.080000",
    "max_active_models": "12",
    "min_meta_weight": "0.022700",
    "profile_name": "fixture",
    "symbol": "EURUSD"
  },
  "deployment": {
    "analog_weight": "0.336800",
    "capital_efficiency_bias": "1.016400",
    "challenger_promote_margin": "1.288000",
    "foundation_quality_gain": "1.012000",
    "foundation_weight": "0.346400",
    "hard_timeout_bars": "15",
    "macro_quality_floor": "0.437200",
    "macro_state_gain": "1.017448",
    "max_add_fraction": "0.519500",
    "max_runtime_models": "14",
    "performance_budget_ms": "13.775000",
    "policy_add_floor": "0.588267",
    "policy_exit_floor": "0.475467",
    "policy_hold_floor": "0.498000",
    "policy_lifecycle_gain": "0.961488",
    "policy_no_trade_cap": "0.712333",
    "policy_reduce_floor": "0.469333",
    "policy_size_bias": "0.992800",
    "policy_timeout_floor": "0.571200",
    "policy_trade_floor": "0.628200",
    "portfolio_budget_bias": "1.035800",
    "profile_name": "fixture",
    "promotion_tier": "audit-approved",
    "reduce_fraction": "0.322933",
    "regime_transition_weight": "0.540800",
    "runtime_mode": "research",
    "shadow_enabled": "1",
    "snapshot_detail": "full",
    "soft_timeout_bars": "7",
    "student_signal_gain": "1.056880",
    "student_weight": "0.300000",
    "supervisor_blend": "0.369867",
    "symbol": "EURUSD",
    "teacher_signal_gain": "1.089600",
    "teacher_weight": "0.700000",
    "telemetry_level": "full"
  },
  "drift_governance_report": {
    "action_counts": {
      "NONE": 1
    },
    "action_mode": "AUTO_APPLY_PROTECTIVE",
    "artifacts": {
      "history_path": "/private/var/folders/gd/71hcflq91rj3skfxfh5ldccc0000gn/T/fxai_fixture_FIXED/OfflineLab/DriftGovernance/drift_governance_history.ndjson",
      "report_path": "/private/var/folders/gd/71hcflq91rj3skfxfh5ldccc0000gn/T/fxai_fixture_FIXED/OfflineLab/DriftGovernance/Reports/drift_governance_report.json",
      "status_path": "/private/var/folders/gd/71hcflq91rj3skfxfh5ldccc0000gn/T/fxai_fixture_FIXED/OfflineLab/DriftGovernance/drift_governance_status.json"
    },
    "generated_at": "2026-01-01T00:00:00Z",
    "governance_counts": {
      "CHAMPION": 1
    },
    "health_counts": {
      "HEALTHY": 1
    },
    "latest_action_count": 0,
    "plugin_count": 1,
    "policy_version": 1,
    "profile_name": "fixture",
    "report_version": 1,
    "schema_version": 1,
    "symbol_count": 1,
    "symbols": [
      {
        "action_counts": {
          "NONE": 1
        },
        "governance_counts": {
          "CHAMPION": 1
        },
        "health_counts": {
          "HEALTHY": 1
        },
        "latest_context": {
          "adaptive_router": {},
          "cross_asset": {},
          "dynamic_ensemble": {},
          "execution_quality": {},
          "microstructure": {},
          "newspulse": {},
          "prob_calibration": {}
        },
        "plugin_count": 1,
        "plugins": [
          {
            "action_applied": false,
            "action_recommendation": "NONE",
            "aggregate_risk_score": 0.0,
            "base_registry_status": "champion",
            "challenger_evaluation": {
              "adversarial_score": 0.0,
              "calibration_error": 0.0,
              "challenger_run_id": 0,
              "eligibility_state": "INSUFFICIENT",
              "issue_count": 0.0,
              "live_reliability": 0.78,
              "live_shadow_score": 0.44,
              "macro_event_score": 0.0,
              "plugin_name": "ai_mlp",
              "portfolio_score": 0.154,
              "promotion_margin": -83.5,
              "qualifies": false,
              "recent_score": 0.0,
              "shadow_support": 1,
              "support_count": 0,
              "symbol": "EURUSD",
              "walkforward_score": 0.0
            },
            "context": {
              "adaptive_router": {},
              "cross_asset": {},
              "dynamic_ensemble": {},
              "execution_quality": {},
              "microstructure": {},
              "newspulse": {},
              "prob_calibration": {}
            },
            "disabled": false,
            "drift_scores": {
              "calibration_drift_score": 0.0,
              "execution_drift_score": 0.0,
              "feature_drift_score": 0.0,
              "pair_decay_score": 0.0,
              "performance_drift_score": 0.0,
              "post_event_drift_score": 0.0,
              "regime_drift_score": 0.0
            },
            "family_id": 2,
            "family_name": "recurrent",
            "governance_state": "CHAMPION",
            "health_state": "HEALTHY",
            "plugin_name": "ai_mlp",
            "quality_flags": {
              "fallback_thresholds_used": true,
              "low_support": true,
              "reference_fallback_scope": "PLUGIN_GLOBAL",
              "shadow_evaluation_only": false
            },
            "reason_codes": [
              "LOW_SUPPORT"
            ],
            "recommended_governance_state": "CHAMPION",
            "restrict_live": false,
            "shadow_only": false,
            "support": {
              "reference_scope": "PLUGIN_GLOBAL",
              "sample_count_recent": 1,
              "sample_count_reference": 0
            },
            "weight_multiplier": 1.0
          }
        ],
        "recent_actions": [],
        "symbol": "EURUSD"
      }
    ]
  },
  "drift_governance_status": {
    "action_mode": "AUTO_APPLY_PROTECTIVE",
    "applied_action_count": 0,
    "artifacts": {
      "history_path": "/private/var/folders/gd/71hcflq91rj3skfxfh5ldccc0000gn/T/fxai_fixture_FIXED/OfflineLab/DriftGovernance/drift_governance_history.ndjson",
      "report_path": "/private/var/folders/gd/71hcflq91rj3skfxfh5ldccc0000gn/T/fxai_fixture_FIXED/OfflineLab/DriftGovernance/Reports/drift_governance_report.json",
      "status_path": "/private/var/folders/gd/71hcflq91rj3skfxfh5ldccc0000gn/T/fxai_fixture_FIXED/OfflineLab/DriftGovernance/drift_governance_status.json"
    },
    "generated_at": "2026-01-01T00:00:00Z",
    "latest_actions": [
      {
        "action": "NONE",
        "action_applied": false,
        "aggregate_risk_score": 0.0,
        "governance_state": "CHAMPION",
        "health_state": "HEALTHY",
        "plugin_name": "ai_mlp",
        "reason_codes": [
          "LOW_SUPPORT"
        ],
        "recommended_governance_state": "CHAMPION",
        "symbol": "EURUSD",
        "weight_multiplier": 1.0
      }
    ],
    "plugin_count": 1,
    "policy_version": 1,
    "profile_name": "fixture",
    "schema_version": 1,
    "symbol_count": 1
  },
  "execution_quality_runtime": {},
  "performance": {
    "artifact_path": "/private/var/folders/gd/71hcflq91rj3skfxfh5ldccc0000gn/T/fxai_fixture_FIXED/FILE_COMMON/FXAI/Runtime/fxai_perf_EURUSD.tsv",
    "artifact_report": {
      "budget_failures": [],
      "items": [
        {
          "artifact_key": "fxai_live_deploy",
          "budget_bytes": 24576,
          "exists": true,
          "over_budget": false,
          "path": "/private/var/folders/gd/71hcflq91rj3skfxfh5ldccc0000gn/T/fxai_fixture_FIXED/FILE_COMMON/FXAI/Offline/Promotions/fxai_live_deploy_EURUSD.tsv",
          "size_bytes": 948
        },
        {
          "artifact_key": "fxai_student_router",
          "budget_bytes": 24576,
          "exists": true,
          "over_budget": false,
          "path": "/private/var/folders/gd/71hcflq91rj3skfxfh5ldccc0000gn/T/fxai_fixture_FIXED/FILE_COMMON/FXAI/Offline/Promotions/fxai_student_router_EURUSD.tsv",
          "size_bytes": 659
        },
        {
          "artifact_key": "fxai_attribution",
          "budget_bytes": 32768,
          "exists": true,
          "over_budget": false,
          "path": "/private/var/folders/gd/71hcflq91rj3skfxfh5ldccc0000gn/T/fxai_fixture_FIXED/FILE_COMMON/FXAI/Offline/Promotions/fxai_attribution_EURUSD.tsv",
          "size_bytes": 781
        },
        {
          "artifact_key": "fxai_world_plan",
          "budget_bytes": 32768,
          "exists": true,
          "over_budget": false,
          "path": "/private/var/folders/gd/71hcflq91rj3skfxfh5ldccc0000gn/T/fxai_fixture_FIXED/FILE_COMMON/FXAI/Offline/Promotions/fxai_world_plan_EURUSD.tsv",
          "size_bytes": 688
        },
        {
          "artifact_key": "fxai_supervisor_service",
          "budget_bytes": 24576,
          "exists": true,
          "over_budget": false,
          "path": "/private/var/folders/gd/71hcflq91rj3skfxfh5ldccc0000gn/T/fxai_fixture_FIXED/FILE_COMMON/FXAI/Offline/Promotions/fxai_supervisor_service_EURUSD.tsv",
          "size_bytes": 551
        },
        {
          "artifact_key": "fxai_supervisor_command",
          "budget_bytes": 16384,
          "exists": true,
          "over_budget": false,
          "path": "/private/var/folders/gd/71hcflq91rj3skfxfh5ldccc0000gn/T/fxai_fixture_FIXED/FILE_COMMON/FXAI/Offline/Promotions/fxai_supervisor_command_EURUSD.tsv",
          "size_bytes": 432
        },
        {
          "artifact_key": "fxai_perf",
          "budget_bytes": 131072,
          "exists": false,
          "over_budget": false,
          "path": "/private/var/folders/gd/71hcflq91rj3skfxfh5ldccc0000gn/T/fxai_fixture_FIXED/FILE_COMMON/FXAI/Runtime/fxai_perf_EURUSD.tsv",
          "size_bytes": 0
        }
      ],
      "symbol": "EURUSD",
      "total_bytes": 4059
    },
    "budget_failures": [],
    "exists": false,
    "plugin_rows": [],
    "runtime_total_ms": 0.0,
    "stage_rows": [],
    "symbol": "EURUSD"
  },
  "portfolio_supervisor": {
    "capital_risk_cap_pct": "1.760000",
    "concentration_cap": "0.844400",
    "correlated_budget_bias": "0.947600",
    "directional_budget_bias": "0.930200",
    "gross_budget_bias": "1.045600",
    "hard_block_score": "1.043200",
    "macro_overlap_cap": "0.925200",
    "policy_enter_floor": "0.396400",
    "policy_no_trade_ceiling": "0.740800",
    "profile_name": "fixture",
    "supervisor_weight": "0.410400"
  },
  "profile_name": "fixture",
  "router": {
    "allow_plugins_csv": "ai_mlp",
    "champion_only": "0",
    "family_weight_convolutional": "0.900000",
    "family_weight_distribution": "0.900000",
    "family_weight_linear": "0.900000",
    "family_weight_memory": "0.900000",
    "family_weight_mixture": "0.900000",
    "family_weight_other": "0.900000",
    "family_weight_recurrent": "1.243720",
    "family_weight_rule": "0.810000",
    "family_weight_state_space": "0.900000",
    "family_weight_transformer": "0.900000",
    "family_weight_tree": "0.900000",
    "family_weight_world": "0.900000",
    "governance_restrict_live_csv": "none",
    "governance_state_csv": "ai_mlp=CHAMPION",
    "governance_weight_multipliers_csv": "ai_mlp=1.000000",
    "max_active_models": "12",
    "min_meta_weight": "0.022700",
    "plugin_weights_csv": "ai_mlp=1.257070",
    "profile_name": "fixture",
    "symbol": "EURUSD"
  },
  "supervisor_command": {
    "add_cap_mult": "0.994264",
    "block_score": "1.111578",
    "champion_only": "0",
    "deployment_ready": "1",
    "entry_budget_mult": "1.057596",
    "exit_bias": "0.139733",
    "expires_at": "1700000000",
    "generated_at": "1700000000",
    "hold_budget_mult": "0.986400",
    "long_block": "0",
    "long_entry_budget_mult": "0.922392",
    "max_active_models": "12",
    "profile_name": "fixture",
    "reduce_bias": "0.193867",
    "short_block": "0",
    "short_entry_budget_mult": "0.922392",
    "student_router_ready": "1",
    "symbol": "EURUSD",
    "tighten_bias": "0.082800",
    "timeout_bias": "0.082800"
  },
  "supervisor_service": {
    "add_multiplier": "1.119667",
    "block_score": "1.094778",
    "budget_multiplier": "1.114667",
    "concentration_pressure": "0.000000",
    "directional_long_pressure": "0.000000",
    "directional_short_pressure": "0.000000",
    "entry_floor": "0.418533",
    "exit_bias": "0.101333",
    "expires_at": "1700000000",
    "freshness_penalty": "0.000000",
    "generated_at": "1700000000",
    "gross_pressure": "0.000000",
    "gross_velocity": "0.000000",
    "long_entry_budget_mult": "0.922392",
    "macro_pressure": "0.000000",
    "pressure_velocity": "0.000000",
    "profile_name": "fixture",
    "reduce_bias": "0.145067",
    "short_entry_budget_mult": "0.922392",
    "snapshot_count": "0",
    "supervisor_score": "0.000000",
    "symbol": "EURUSD"
  },
  "symbol": "EURUSD",
  "world_plan": {
    "asia_sigma_scale": "0.500000",
    "asia_spread_scale": "1.000000",
    "context_corr_bias": "0.282875",
    "drift_bias": "-0.000008",
    "flip_prob": "0.344200",
    "gap_prob": "0.007000",
    "gap_scale": "1.463800",
    "liquidity_stress": "0.173800",
    "london_sigma_scale": "0.500000",
    "london_spread_scale": "1.000000",
    "macro_focus": "0.048000",
    "mean_revert_bias": "0.038400",
    "newyork_sigma_scale": "0.500000",
    "newyork_spread_scale": "1.000000",
    "profile_name": "fixture",
    "recovery_bias": "-0.014000",
    "regime_transition_burst": "0.000000",
    "session_edge_focus": "0.000000",
    "shock_decay": "0.736000",
    "shock_memory": "0.000000",
    "sigma_scale": "0.767824",
    "spread_scale": "0.867488",
    "spread_shock_prob": "0.000000",
    "spread_shock_scale": "1.000000",
    "symbol": "EURUSD",
    "transition_entropy": "0.000000",
    "trend_persistence": "0.500000",
    "vol_cluster_bias": "0.033600"
  }
}