profile_name	fixture
symbol	EURUSD
teacher_weight	0.700000
student_weight	0.300000
analog_weight	0.236800
foundation_weight	0.346400
policy_trade_floor	0.628200
policy_no_trade_cap	0.712333
policy_size_bias	0.992800
portfolio_budget_bias	1.035800
challenger_promote_margin	1.288000
regime_transition_weight	0.540800
macro_quality_floor	0.437200
capital_efficiency_bias	1.016400
supervisor_blend	0.369867
teacher_signal_gain	1.089600
student_signal_gain	1.056880
foundation_quality_gain	1.012000
macro_state_gain	1.017448
policy_lifecycle_gain	0.961488
policy_hold_floor	0.498000
policy_exit_floor	0.475467
policy_add_floor	0.588267
policy_reduce_floor	0.469333
policy_timeout_floor	0.571200
max_add_fraction	0.519500
reduce_fraction	0.322933
soft_timeout_bars	7
hard_timeout_bars	15
runtime_mode	research
telemetry_level	full
performance_budget_ms	13.775000
shadow_enabled	1
snapshot_detail	full
max_runtime_models	14
promotion_tier	audit-approved
