{
  "attribution": {
    "champion_only": "0",
    "champion_plugins_csv": "ai_mlp",
    "family_weight_convolutional": "0.900000",
    "family_weight_distribution": "0.900000",
    "family_weight_linear": "0.900000",
    "family_weight_memory": "0.900000",
    "family_weight_mixture": "0.900000",
    "family_weight_other": "0.900000",
    "family_weight_recurrent": "1.372933",
    "family_weight_rule": "0.700000",
    "family_weight_state_space": "0.900000",
    "family_weight_transformer": "0.900000",
    "family_weight_tree": "0.900000",
    "family_weight_world": "0.900000",
    "feature_weight_context": "1.035500",
    "feature_weight_cost": "1.007467",
    "feature_weight_filters": "1.000000",
    "feature_weight_microstructure": "1.007467",
    "feature_weight_multi_timeframe": "1.080000",
    "feature_weight_price": "1.080000",
    "feature_weight_time_calendar": "1.019200",
    "feature_weight_volatility": "1.080000",
    "max_active_models": "12",
    "min_meta_weight": "0.022700",
    "profile_name": "fixture",
    "symbol": "EURUSD"
  },
  "deployment": {
    "analog_weight": "0.236800",
    "capital_efficiency_bias": "1.016400",
    "challenger_promote_margin": "1.288000",
    "foundation_quality_gain": "1.012000",
    "foundation_weight": "0.346400",
    "hard_timeout_bars": "15",
    "macro_quality_floor": "0.437200",
    "macro_state_gain": "1.017448",
    "max_add_fraction": "0.519500",
    "max_runtime_models": "14",
    "performance_budget_ms": "13.775000",
    "policy_add_floor": "0.588267",
    "policy_exit_floor": "0.475467",
    "policy_hold_floor": "0.498000",
    "policy_lifecycle_gain": "0.961488",
    "policy_no_trade_cap": "0.712333",
    "policy_reduce_floor": "0.469333",
    "policy_size_bias": "0.992800",
    "policy_timeout_floor": "0.571200",
    "policy_trade_floor": "0.628200",
    "portfolio_budget_bias": "1.035800",
    "profile_name": "fixture",
    "promotion_tier": "audit-approved",
    "reduce_fraction": "0.322933",
    "regime_transition_weight": "0.540800",
    "runtime_mode": "research",
    "shadow_enabled": "1",
    "snapshot_detail": "full",
    "soft_timeout_bars": "7",
    "student_signal_gain": "1.056880",
    "student_weight": "0.300000",
    "supervisor_blend": "0.369867",
    "symbol": "EURUSD",
    "teacher_signal_gain": "1.089600",
    "teacher_weight": "0.700000",
    "telemetry_level": "full"
  },
  "performance": {
    "artifact_path": "/private/var/folders/gd/71hcflq91rj3skfxfh5ldccc0000gn/T/fxai_fixture_FIXED/FILE_COMMON/FXAI/Runtime/fxai_perf_EURUSD.tsv",
    "artifact_report": {
      "budget_failures": [],
      "items": [
        {
          "artifact_key": "fxai_live_deploy",
          "budget_bytes": 24576,
          "exists": true,
          "over_budget": false,
          "path": "/private/var/folders/gd/71hcflq91rj3skfxfh5ldccc0000gn/T/fxai_fixture_FIXED/FILE_COMMON/FXAI/Offline/Promotions/fxai_live_deploy_EURUSD.tsv",
          "size_bytes": 948
        },
        {
          "artifact_key": "fxai_student_router",
          "budget_bytes": 24576,
          "exists": true,
          "over_budget": false,
          "path": "/private/var/folders/gd/71hcflq91rj3skfxfh5ldccc0000gn/T/fxai_fixture_FIXED/FILE_COMMON/FXAI/Offline/Promotions/fxai_student_router_EURUSD.tsv",
          "size_bytes": 538
        },
        {
          "artifact_key": "fxai_attribution",
          "budget_bytes": 32768,
          "exists": true,
          "over_budget": false,
          "path": "/private/var/folders/gd/71hcflq91rj3skfxfh5ldccc0000gn/T/fxai_fixture_FIXED/FILE_COMMON/FXAI/Offline/Promotions/fxai_attribution_EURUSD.tsv",
          "size_bytes": 781
        },
        {
          "artifact_key": "fxai_world_plan",
          "budget_bytes": 32768,
          "exists": true,
          "over_budget": false,
          "path": "/private/var/folders/gd/71hcflq91rj3skfxfh5ldccc0000gn/T/fxai_fixture_FIXED/FILE_COMMON/FXAI/Offline/Promotions/fxai_world_plan_EURUSD.tsv",
          "size_bytes": 688
        },
        {
          "artifact_key": "fxai_supervisor_service",
          "budget_bytes": 24576,
          "exists": true,
          "over_budget": false,
          "path": "/private/var/folders/gd/71hcflq91rj3skfxfh5ldccc0000gn/T/fxai_fixture_FIXED/FILE_COMMON/FXAI/Offline/Promotions/fxai_supervisor_service_EURUSD.tsv",
          "size_bytes": 551
        },
        {
          "artifact_key": "fxai_supervisor_command",
          "budget_bytes": 16384,
          "exists": true,
          "over_budget": false,
          "path": "/private/var/folders/gd/71hcflq91rj3skfxfh5ldccc0000gn/T/fxai_fixture_FIXED/FILE_COMMON/FXAI/Offline/Promotions/fxai_supervisor_command_EURUSD.tsv",
          "size_bytes": 432
        },
        {
          "artifact_key": "fxai_perf",
          "budget_bytes": 131072,
          "exists": false,
          "over_budget": false,
          "path": "/private/var/folders/gd/71hcflq91rj3skfxfh5ldccc0000gn/T/fxai_fixture_FIXED/FILE_COMMON/FXAI/Runtime/fxai_perf_EURUSD.tsv",
          "size_bytes": 0
        }
      ],
      "symbol": "EURUSD",
      "total_bytes": 3938
    },
    "budget_failures": [],
    "exists": false,
    "plugin_rows": [],
    "runtime_total_ms": 0.0,
    "stage_rows": [],
    "symbol": "EURUSD"
  },
  "portfolio_supervisor": {
    "capital_risk_cap_pct": "1.760000",
    "concentration_cap": "0.844400",
    "correlated_budget_bias": "0.947600",
    "directional_budget_bias": "0.930200",
    "gross_budget_bias": "1.045600",
    "hard_block_score": "1.043200",
    "macro_overlap_cap": "0.925200",
    "policy_enter_floor": "0.396400",
    "policy_no_trade_ceiling": "0.740800",
    "profile_name": "fixture",
    "supervisor_weight": "0.410400"
  },
  "profile_name": "fixture",
  "router": {
    "allow_plugins_csv": "ai_mlp",
    "champion_only": "0",
    "family_weight_convolutional": "0.900000",
    "family_weight_distribution": "0.900000",
    "family_weight_linear": "0.900000",
    "family_weight_memory": "0.900000",
    "family_weight_mixture": "0.900000",
    "family_weight_other": "0.900000",
    "family_weight_recurrent": "1.243720",
    "family_weight_rule": "0.810000",
    "family_weight_state_space": "0.900000",
    "family_weight_transformer": "0.900000",
    "family_weight_tree": "0.900000",
    "family_weight_world": "0.900000",
    "max_active_models": "12",
    "min_meta_weight": "0.022700",
    "plugin_weights_csv": "ai_mlp=1.257070",
    "profile_name": "fixture",
    "symbol": "EURUSD"
  },
  "supervisor_command": {
    "add_cap_mult": "0.994264",
    "block_score": "1.111578",
    "champion_only": "0",
    "deployment_ready": "1",
    "entry_budget_mult": "1.057596",
    "exit_bias": "0.139733",
    "expires_at": "1700000000",
    "generated_at": "1700000000",
    "hold_budget_mult": "0.986400",
    "long_block": "0",
    "long_entry_budget_mult": "0.922392",
    "max_active_models": "12",
    "profile_name": "fixture",
    "reduce_bias": "0.193867",
    "short_block": "0",
    "short_entry_budget_mult": "0.922392",
    "student_router_ready": "1",
    "symbol": "EURUSD",
    "tighten_bias": "0.082800",
    "timeout_bias": "0.082800"
  },
  "supervisor_service": {
    "add_multiplier": "1.119667",
    "block_score": "1.094778",
    "budget_multiplier": "1.114667",
    "concentration_pressure": "0.000000",
    "directional_long_pressure": "0.000000",
    "directional_short_pressure": "0.000000",
    "entry_floor": "0.418533",
    "exit_bias": "0.101333",
    "expires_at": "1700000000",
    "freshness_penalty": "0.000000",
    "generated_at": "1700000000",
    "gross_pressure": "0.000000",
    "gross_velocity": "0.000000",
    "long_entry_budget_mult": "0.922392",
    "macro_pressure": "0.000000",
    "pressure_velocity": "0.000000",
    "profile_name": "fixture",
    "reduce_bias": "0.145067",
    "short_entry_budget_mult": "0.922392",
    "snapshot_count": "0",
    "supervisor_score": "0.000000",
    "symbol": "EURUSD"
  },
  "symbol": "EURUSD",
  "world_plan": {
    "asia_sigma_scale": "0.500000",
    "asia_spread_scale": "1.000000",
    "context_corr_bias": "0.282875",
    "drift_bias": "-0.000008",
    "flip_prob": "0.344200",
    "gap_prob": "0.007000",
    "gap_scale": "1.463800",
    "liquidity_stress": "0.173800",
    "london_sigma_scale": "0.500000",
    "london_spread_scale": "1.000000",
    "macro_focus": "0.048000",
    "mean_revert_bias": "0.038400",
    "newyork_sigma_scale": "0.500000",
    "newyork_spread_scale": "1.000000",
    "profile_name": "fixture",
    "recovery_bias": "-0.014000",
    "regime_transition_burst": "0.000000",
    "session_edge_focus": "0.000000",
    "shock_decay": "0.736000",
    "shock_memory": "0.000000",
    "sigma_scale": "0.767824",
    "spread_scale": "0.867488",
    "spread_shock_prob": "0.000000",
    "spread_shock_scale": "1.000000",
    "symbol": "EURUSD",
    "transition_entropy": "0.000000",
    "trend_persistence": "0.500000",
    "vol_cluster_bias": "0.033600"
  }
}